exports[`default view`] = `
<div
  style={
    Object {
      "margin": "auto",
      "maxWidth": 800,
      "paddingTop": 48
    }
  }>
  <h1
    className="Heading"
    style={
      Object {
        "boxSizing": "border-box",
        "fontSize": 32,
        "fontWeight": 600,
        "lineHeight": 1.25,
        "margin": 0,
        "marginBottom": 20,
        "opacity": null,
        "textAlign": "center"
      }
    }>
    New Poll
  </h1>
  <form
    onSubmit={[Function bound handleSubmit]}
    style={
      Object {
        "margin": "auto",
        "width": "80%"
      }
    }>
    <div
      className="Input"
      style={
        Object {
          "boxSizing": "border-box",
          "color": null,
          "marginBottom": 16
        }
      }>
      <label
        className="Label"
        htmlFor="question"
        style={
          Object {
            "boxSizing": "border-box",
            "fontSize": 14,
            "fontWeight": 600,
            "lineHeight": 1
          }
        }>
        Question:
      </label>
      <input
        name="question"
        onChange={[Function bound handleQuestionChange]}
        style={
          Object {
            "backgroundColor": "rgba(255, 255, 255, .25)",
            "borderColor": "rgba(0, 0, 0, .25)",
            "borderRadius": 2,
            "borderStyle": "solid",
            "borderWidth": 1,
            "boxSizing": "border-box",
            "color": "inherit",
            "display": "block",
            "fontFamily": "inherit",
            "fontSize": "inherit",
            "height": 32,
            "margin": 0,
            "paddingLeft": 8,
            "paddingRight": 8,
            "width": "100%"
          }
        }
        type="text"
        value="" />
    </div>
    <div
      className="Textarea"
      style={
        Object {
          "boxSizing": "border-box",
          "color": null,
          "marginBottom": 16
        }
      }>
      <label
        className="Label"
        htmlFor="options"
        style={
          Object {
            "boxSizing": "border-box",
            "fontSize": 14,
            "fontWeight": 600,
            "lineHeight": 1
          }
        }>
        Options:
      </label>
      <textarea
        name="options"
        onChange={[Function bound handleOptionsChange]}
        placeholder="Separate options by commas"
        style={
          Object {
            "borderColor": "rgba(0, 0, 0, .25)",
            "borderRadius": 2,
            "borderStyles": "solid",
            "borderWidth": 1,
            "boxSizing": "border-box",
            "display": "block",
            "fontFamily": "inherit",
            "fontSize": "inherit",
            "padding": 8,
            "width": "100%"
          }
        }
        value="" />
    </div>
    <button
      className="Button"
      href={undefined}
      style={
        Object {
          "backgroundColor": "#08e",
          "border": 0,
          "borderRadius": 2,
          "boxSizing": "border-box",
          "color": "#fff",
          "cursor": "pointer",
          "display": "inline-block",
          "fontFamily": "inherit",
          "fontSize": 14,
          "fontWeight": 600,
          "lineHeight": "16px",
          "margin": 0,
          "minHeight": 32,
          "paddingBottom": 8,
          "paddingLeft": 16,
          "paddingRight": 16,
          "paddingTop": 8,
          "textDecoration": "none"
        }
      }>
      Create Poll
    </button>
  </form>
</div>
`;
